﻿
> dashboard-uploader@1.0.0 build
> npx vite build

[36mvite v5.4.21 [32mbuilding for production...[36m[39m
transforming...
[32mÔ£ô[39m 95 modules transformed.
node.exe : [31mx[39m 
Build failed in 2.85s
En línea: 1 Carácter: 1
+ & "C:\Program 
Files\nodejs/node.exe" 
"C:\Program 
Files\nodejs/node_mo ...
+ ~~~~~~~~~~~~~~~~~~~~~~~~~
~~~~~~~~~~~~~~~~~~~~~~~~~~~
~~~~~~~~~~~~~~~~~
    + CategoryInfo         
     : NotSpecified: ([3  
  1mx[39m Build failed    
 in 2.85s:String) [], R    
emoteException
    + FullyQualifiedErrorI 
   d : NativeCommandError
 
[31merror during build:
[31m[vite]: Rollup failed 
to resolve import "pdfjs-di
st/build/pdf.worker.min.js?
url" from "C:/Users/merch/O
neDrive/Documentos/DIARIO-M
ERCANTIL 05012026/frontend/
src/components/MagazineView
er.tsx".
This is most likely 
unintended because it can 
break your application at 
runtime.
If you do want to 
externalize this module 
explicitly add it to
`build.rollupOptions.extern
al`[31m
    at viteWarn (file:///C:
/Users/merch/OneDrive/Docum
entos/DIARIO-MERCANTIL%2005
012026/frontend/node_module
s/vite/dist/node/chunks/dep
-BK3b2jBa.js:65855:17)
    at onwarn (file:///C:/U
sers/merch/OneDrive/Documen
tos/DIARIO-MERCANTIL%200501
2026/frontend/node_modules/
@vitejs/plugin-react/dist/i
ndex.js:90:7)
    at onRollupWarning (fil
e:///C:/Users/merch/OneDriv
e/Documentos/DIARIO-MERCANT
IL%2005012026/frontend/node
_modules/vite/dist/node/chu
nks/dep-BK3b2jBa.js:65885:5
)
    at onwarn (file:///C:/U
sers/merch/OneDrive/Documen
tos/DIARIO-MERCANTIL%200501
2026/frontend/node_modules/
vite/dist/node/chunks/dep-B
K3b2jBa.js:65550:7)
    at file:///C:/Users/mer
ch/OneDrive/Documentos/DIAR
IO-MERCANTIL%2005012026/fro
ntend/node_modules/rollup/d
ist/es/shared/node-entry.js
:20975:13
    at Object.logger [as 
onLog] (file:///C:/Users/me
rch/OneDrive/Documentos/DIA
RIO-MERCANTIL%2005012026/fr
ontend/node_modules/rollup/
dist/es/shared/node-entry.j
s:22848:9)
    at ModuleLoader.handleI
nvalidResolvedId (file:///C
:/Users/merch/OneDrive/Docu
mentos/DIARIO-MERCANTIL%200
5012026/frontend/node_modul
es/rollup/dist/es/shared/no
de-entry.js:21592:26)
    at file:///C:/Users/mer
ch/OneDrive/Documentos/DIAR
IO-MERCANTIL%2005012026/fro
ntend/node_modules/rollup/d
ist/es/shared/node-entry.js
:21550:26[39m
